src/components/FluidGlass.tsx(3,45): error TS1484: 'ReactNode' is a type and must be imported using a type-only import when 'verbatimModuleSyntax' is enabled.
src/components/FluidGlass.tsx(4,52): error TS1484: 'ThreeElements' is a type and must be imported using a type-only import when 'verbatimModuleSyntax' is enabled.
src/components/GlitchText.tsx(1,10): error TS1484: 'FC' is a type and must be imported using a type-only import when 'verbatimModuleSyntax' is enabled.
src/components/GlitchText.tsx(1,14): error TS1484: 'CSSProperties' is a type and must be imported using a type-only import when 'verbatimModuleSyntax' is enabled.
src/components/Layout.tsx(1,17): error TS1484: 'ReactNode' is a type and must be imported using a type-only import when 'verbatimModuleSyntax' is enabled.
src/contexts/AuthContext.tsx(1,65): error TS1484: 'ReactNode' is a type and must be imported using a type-only import when 'verbatimModuleSyntax' is enabled.
src/contexts/AuthContext.tsx(2,10): error TS1484: 'User' is a type and must be imported using a type-only import when 'verbatimModuleSyntax' is enabled.
